<html>
  <body>
    
    <p></p>
    
  </body>
</html>
