<html>
  <body>
    subfolder/another/
    <p>subfolder/another/</p>
    
  </body>
</html>
